2025-11-15 15:22:35,268 - WARNING - Sin credenciales de API. Modo simulación.
2025-11-15 15:22:35,818 - INFO - 🚀 Iniciando SmartMoneyLiveBot...
2025-11-15 15:22:36,763 - INFO - HTTP Request: POST https://api.telegram.org/bot7738692166:AAHPBKWUVM8gcYldRojnFCWnOKwidfXL2cY/sendMessage "HTTP/1.1 200 OK"
2025-11-15 15:22:36,765 - INFO - 📊 Inicializando datos de mercado...
2025-11-15 15:22:39,599 - INFO - 📊 Datos actualizados para ETH/USDT (15m: 1000, 1h: 200)
2025-11-15 15:22:40,281 - INFO - 📊 Datos actualizados para SOL/USDT (15m: 1000, 1h: 200)
2025-11-15 15:22:40,958 - INFO - 📊 Datos actualizados para HYPE/USDT (15m: 1000, 1h: 200)
2025-11-15 15:22:41,628 - INFO - 📊 Datos actualizados para SUI/USDT (15m: 1000, 1h: 200)
2025-11-15 15:22:41,641 - INFO - ✅ Datos inicializados correctamente
2025-11-15 15:22:41,642 - INFO - ⚙️ Iniciando loop principal (actualización cada 10s)...
2025-11-15 15:22:42,298 - INFO - 📊 Datos actualizados para ETH/USDT (15m: 1000, 1h: 200)
2025-11-15 15:22:42,973 - INFO - 📊 Datos actualizados para SOL/USDT (15m: 1000, 1h: 200)
2025-11-15 15:22:43,641 - INFO - 📊 Datos actualizados para HYPE/USDT (15m: 1000, 1h: 200)
2025-11-15 15:22:44,312 - INFO - 📊 Datos actualizados para SUI/USDT (15m: 1000, 1h: 200)
2025-11-15 15:22:44,334 - INFO - ✅ Ciclo completado en 2.69s | Posiciones: 0/4 | Balance: $30.00
2025-11-15 15:22:54,998 - INFO - 📊 Datos actualizados para ETH/USDT (15m: 1000, 1h: 200)
2025-11-15 15:22:55,669 - INFO - 📊 Datos actualizados para SOL/USDT (15m: 1000, 1h: 200)
2025-11-15 15:22:56,338 - INFO - 📊 Datos actualizados para HYPE/USDT (15m: 1000, 1h: 200)
2025-11-15 15:22:57,012 - INFO - 📊 Datos actualizados para SUI/USDT (15m: 1000, 1h: 200)
2025-11-15 15:22:57,037 - INFO - ✅ Ciclo completado en 2.70s | Posiciones: 0/4 | Balance: $30.00
2025-11-15 15:23:07,701 - INFO - 📊 Datos actualizados para ETH/USDT (15m: 1000, 1h: 200)
2025-11-15 15:23:08,392 - INFO - 📊 Datos actualizados para SOL/USDT (15m: 1000, 1h: 200)
2025-11-15 15:23:09,055 - INFO - 📊 Datos actualizados para HYPE/USDT (15m: 1000, 1h: 200)
2025-11-15 15:23:09,726 - INFO - 📊 Datos actualizados para SUI/USDT (15m: 1000, 1h: 200)
2025-11-15 15:23:09,749 - INFO - ✅ Ciclo completado en 2.70s | Posiciones: 0/4 | Balance: $30.00
2025-11-15 15:23:20,417 - INFO - 📊 Datos actualizados para ETH/USDT (15m: 1000, 1h: 200)
2025-11-15 15:23:21,080 - INFO - 📊 Datos actualizados para SOL/USDT (15m: 1000, 1h: 200)
2025-11-15 15:23:21,749 - INFO - 📊 Datos actualizados para HYPE/USDT (15m: 1000, 1h: 200)
2025-11-15 15:23:22,422 - INFO - 📊 Datos actualizados para SUI/USDT (15m: 1000, 1h: 200)
2025-11-15 15:23:22,445 - INFO - ✅ Ciclo completado en 2.68s | Posiciones: 0/4 | Balance: $30.00
2025-11-15 15:23:33,113 - INFO - 📊 Datos actualizados para ETH/USDT (15m: 1000, 1h: 200)
2025-11-15 15:23:33,781 - INFO - 📊 Datos actualizados para SOL/USDT (15m: 1000, 1h: 200)
2025-11-15 15:23:34,456 - INFO - 📊 Datos actualizados para HYPE/USDT (15m: 1000, 1h: 200)
2025-11-15 15:23:35,122 - INFO - 📊 Datos actualizados para SUI/USDT (15m: 1000, 1h: 200)
2025-11-15 15:23:35,144 - INFO - ✅ Ciclo completado en 2.69s | Posiciones: 0/4 | Balance: $30.00
2025-11-15 15:23:45,806 - INFO - 📊 Datos actualizados para ETH/USDT (15m: 1000, 1h: 200)
2025-11-15 15:23:46,480 - INFO - 📊 Datos actualizados para SOL/USDT (15m: 1000, 1h: 200)
2025-11-15 15:23:47,143 - INFO - 📊 Datos actualizados para HYPE/USDT (15m: 1000, 1h: 200)
2025-11-15 15:23:47,808 - INFO - 📊 Datos actualizados para SUI/USDT (15m: 1000, 1h: 200)
2025-11-15 15:23:47,830 - INFO - ✅ Ciclo completado en 2.68s | Posiciones: 0/4 | Balance: $30.00
2025-11-15 15:23:58,488 - INFO - 📊 Datos actualizados para ETH/USDT (15m: 1000, 1h: 200)
2025-11-15 15:23:59,148 - INFO - 📊 Datos actualizados para SOL/USDT (15m: 1000, 1h: 200)
2025-11-15 15:23:59,815 - INFO - 📊 Datos actualizados para HYPE/USDT (15m: 1000, 1h: 200)
2025-11-15 15:24:00,480 - INFO - 📊 Datos actualizados para SUI/USDT (15m: 1000, 1h: 200)
2025-11-15 15:24:00,505 - INFO - ✅ Ciclo completado en 2.67s | Posiciones: 0/4 | Balance: $30.00
2025-11-15 15:24:11,164 - INFO - 📊 Datos actualizados para ETH/USDT (15m: 1000, 1h: 200)
2025-11-15 15:24:11,828 - INFO - 📊 Datos actualizados para SOL/USDT (15m: 1000, 1h: 200)
2025-11-15 15:24:12,497 - INFO - 📊 Datos actualizados para HYPE/USDT (15m: 1000, 1h: 200)
2025-11-15 15:24:13,165 - INFO - 📊 Datos actualizados para SUI/USDT (15m: 1000, 1h: 200)
2025-11-15 15:24:13,186 - INFO - ✅ Ciclo completado en 2.68s | Posiciones: 0/4 | Balance: $30.00
2025-11-15 15:24:23,855 - INFO - 📊 Datos actualizados para ETH/USDT (15m: 1000, 1h: 200)
2025-11-15 15:24:24,522 - INFO - 📊 Datos actualizados para SOL/USDT (15m: 1000, 1h: 200)
2025-11-15 15:24:25,187 - INFO - 📊 Datos actualizados para HYPE/USDT (15m: 1000, 1h: 200)
2025-11-15 15:24:25,855 - INFO - 📊 Datos actualizados para SUI/USDT (15m: 1000, 1h: 200)
2025-11-15 15:24:25,876 - INFO - ✅ Ciclo completado en 2.67s | Posiciones: 0/4 | Balance: $30.00
2025-11-15 15:24:36,535 - INFO - 📊 Datos actualizados para ETH/USDT (15m: 1000, 1h: 200)
2025-11-15 15:24:37,200 - INFO - 📊 Datos actualizados para SOL/USDT (15m: 1000, 1h: 200)
2025-11-15 15:24:37,861 - INFO - 📊 Datos actualizados para HYPE/USDT (15m: 1000, 1h: 200)
2025-11-15 15:24:38,534 - INFO - 📊 Datos actualizados para SUI/USDT (15m: 1000, 1h: 200)
2025-11-15 15:24:38,555 - INFO - ✅ Ciclo completado en 2.68s | Posiciones: 0/4 | Balance: $30.00
2025-11-15 15:24:49,213 - INFO - 📊 Datos actualizados para ETH/USDT (15m: 1000, 1h: 200)
2025-11-15 15:24:49,881 - INFO - 📊 Datos actualizados para SOL/USDT (15m: 1000, 1h: 200)
2025-11-15 15:24:50,546 - INFO - 📊 Datos actualizados para HYPE/USDT (15m: 1000, 1h: 200)
2025-11-15 15:24:51,228 - INFO - 📊 Datos actualizados para SUI/USDT (15m: 1000, 1h: 200)
2025-11-15 15:24:51,250 - INFO - ✅ Ciclo completado en 2.69s | Posiciones: 0/4 | Balance: $30.00
2025-11-15 15:25:01,916 - INFO - 📊 Datos actualizados para ETH/USDT (15m: 1000, 1h: 200)
2025-11-15 15:25:02,590 - INFO - 📊 Datos actualizados para SOL/USDT (15m: 1000, 1h: 200)
2025-11-15 15:25:03,259 - INFO - 📊 Datos actualizados para HYPE/USDT (15m: 1000, 1h: 200)
2025-11-15 15:25:03,930 - INFO - 📊 Datos actualizados para SUI/USDT (15m: 1000, 1h: 200)
2025-11-15 15:25:03,951 - INFO - ✅ Ciclo completado en 2.69s | Posiciones: 0/4 | Balance: $30.00
2025-11-15 15:25:14,624 - INFO - 📊 Datos actualizados para ETH/USDT (15m: 1000, 1h: 200)
2025-11-15 15:25:15,305 - INFO - 📊 Datos actualizados para SOL/USDT (15m: 1000, 1h: 200)
2025-11-15 15:25:15,975 - INFO - 📊 Datos actualizados para HYPE/USDT (15m: 1000, 1h: 200)
2025-11-15 15:25:16,641 - INFO - 📊 Datos actualizados para SUI/USDT (15m: 1000, 1h: 200)
2025-11-15 15:25:16,663 - INFO - ✅ Ciclo completado en 2.70s | Posiciones: 0/4 | Balance: $30.00
2025-11-15 15:25:27,321 - INFO - 📊 Datos actualizados para ETH/USDT (15m: 1000, 1h: 200)
2025-11-15 15:25:27,983 - INFO - 📊 Datos actualizados para SOL/USDT (15m: 1000, 1h: 200)
2025-11-15 15:25:28,645 - INFO - 📊 Datos actualizados para HYPE/USDT (15m: 1000, 1h: 200)
2025-11-15 15:25:29,307 - INFO - 📊 Datos actualizados para SUI/USDT (15m: 1000, 1h: 200)
2025-11-15 15:25:29,329 - INFO - ✅ Ciclo completado en 2.66s | Posiciones: 0/4 | Balance: $30.00
2025-11-15 15:25:39,983 - INFO - 📊 Datos actualizados para ETH/USDT (15m: 1000, 1h: 200)
2025-11-15 15:25:40,643 - INFO - 📊 Datos actualizados para SOL/USDT (15m: 1000, 1h: 200)
2025-11-15 15:25:41,302 - INFO - 📊 Datos actualizados para HYPE/USDT (15m: 1000, 1h: 200)
2025-11-15 15:25:41,965 - INFO - 📊 Datos actualizados para SUI/USDT (15m: 1000, 1h: 200)
2025-11-15 15:25:41,987 - INFO - ✅ Ciclo completado en 2.66s | Posiciones: 0/4 | Balance: $30.00
2025-11-15 15:25:52,639 - INFO - 📊 Datos actualizados para ETH/USDT (15m: 1000, 1h: 200)
2025-11-15 15:25:53,349 - INFO - 📊 Datos actualizados para SOL/USDT (15m: 1000, 1h: 200)
2025-11-15 15:25:54,011 - INFO - 📊 Datos actualizados para HYPE/USDT (15m: 1000, 1h: 200)
2025-11-15 15:25:54,681 - INFO - 📊 Datos actualizados para SUI/USDT (15m: 1000, 1h: 200)
2025-11-15 15:25:54,701 - INFO - ✅ Ciclo completado en 2.71s | Posiciones: 0/4 | Balance: $30.00
2025-11-15 15:26:05,361 - INFO - 📊 Datos actualizados para ETH/USDT (15m: 1000, 1h: 200)
2025-11-15 15:26:06,021 - INFO - 📊 Datos actualizados para SOL/USDT (15m: 1000, 1h: 200)
2025-11-15 15:26:06,686 - INFO - 📊 Datos actualizados para HYPE/USDT (15m: 1000, 1h: 200)
2025-11-15 15:26:07,352 - INFO - 📊 Datos actualizados para SUI/USDT (15m: 1000, 1h: 200)
2025-11-15 15:26:07,374 - INFO - ✅ Ciclo completado en 2.67s | Posiciones: 0/4 | Balance: $30.00
2025-11-15 15:26:18,036 - INFO - 📊 Datos actualizados para ETH/USDT (15m: 1000, 1h: 200)
2025-11-15 15:26:18,707 - INFO - 📊 Datos actualizados para SOL/USDT (15m: 1000, 1h: 200)
2025-11-15 15:26:19,382 - INFO - 📊 Datos actualizados para HYPE/USDT (15m: 1000, 1h: 200)
2025-11-15 15:26:20,055 - INFO - 📊 Datos actualizados para SUI/USDT (15m: 1000, 1h: 200)
2025-11-15 15:26:20,092 - INFO - ✅ Ciclo completado en 2.70s | Posiciones: 0/4 | Balance: $30.00
2025-11-15 15:26:30,749 - INFO - 📊 Datos actualizados para ETH/USDT (15m: 1000, 1h: 200)
2025-11-15 15:26:31,418 - INFO - 📊 Datos actualizados para SOL/USDT (15m: 1000, 1h: 200)
2025-11-15 15:26:32,087 - INFO - 📊 Datos actualizados para HYPE/USDT (15m: 1000, 1h: 200)
2025-11-15 15:26:32,746 - INFO - 📊 Datos actualizados para SUI/USDT (15m: 1000, 1h: 200)
2025-11-15 15:26:32,771 - INFO - ✅ Ciclo completado en 2.67s | Posiciones: 0/4 | Balance: $30.00
2025-11-15 15:26:43,424 - INFO - 📊 Datos actualizados para ETH/USDT (15m: 1000, 1h: 200)
2025-11-15 15:26:44,082 - INFO - 📊 Datos actualizados para SOL/USDT (15m: 1000, 1h: 200)
2025-11-15 15:26:44,752 - INFO - 📊 Datos actualizados para HYPE/USDT (15m: 1000, 1h: 200)
2025-11-15 15:26:45,419 - INFO - 📊 Datos actualizados para SUI/USDT (15m: 1000, 1h: 200)
2025-11-15 15:26:45,439 - INFO - ✅ Ciclo completado en 2.67s | Posiciones: 0/4 | Balance: $30.00
2025-11-15 15:26:56,103 - INFO - 📊 Datos actualizados para ETH/USDT (15m: 1000, 1h: 200)
2025-11-15 15:26:56,764 - INFO - 📊 Datos actualizados para SOL/USDT (15m: 1000, 1h: 200)
2025-11-15 15:26:57,433 - INFO - 📊 Datos actualizados para HYPE/USDT (15m: 1000, 1h: 200)
2025-11-15 15:26:58,103 - INFO - 📊 Datos actualizados para SUI/USDT (15m: 1000, 1h: 200)
2025-11-15 15:26:58,124 - INFO - ✅ Ciclo completado en 2.68s | Posiciones: 0/4 | Balance: $30.00
2025-11-15 15:27:08,792 - INFO - 📊 Datos actualizados para ETH/USDT (15m: 1000, 1h: 200)
2025-11-15 15:27:09,454 - INFO - 📊 Datos actualizados para SOL/USDT (15m: 1000, 1h: 200)
2025-11-15 15:27:10,118 - INFO - 📊 Datos actualizados para HYPE/USDT (15m: 1000, 1h: 200)
2025-11-15 15:27:10,782 - INFO - 📊 Datos actualizados para SUI/USDT (15m: 1000, 1h: 200)
2025-11-15 15:27:10,805 - INFO - ✅ Ciclo completado en 2.67s | Posiciones: 0/4 | Balance: $30.00
2025-11-15 15:27:21,472 - INFO - 📊 Datos actualizados para ETH/USDT (15m: 1000, 1h: 200)
2025-11-15 15:27:22,139 - INFO - 📊 Datos actualizados para SOL/USDT (15m: 1000, 1h: 200)
2025-11-15 15:27:22,803 - INFO - 📊 Datos actualizados para HYPE/USDT (15m: 1000, 1h: 200)
2025-11-15 15:27:23,465 - INFO - 📊 Datos actualizados para SUI/USDT (15m: 1000, 1h: 200)
2025-11-15 15:27:23,487 - INFO - ✅ Ciclo completado en 2.67s | Posiciones: 0/4 | Balance: $30.00
2025-11-15 15:27:34,139 - INFO - 📊 Datos actualizados para ETH/USDT (15m: 1000, 1h: 200)
2025-11-15 15:27:34,805 - INFO - 📊 Datos actualizados para SOL/USDT (15m: 1000, 1h: 200)
2025-11-15 15:27:35,465 - INFO - 📊 Datos actualizados para HYPE/USDT (15m: 1000, 1h: 200)
2025-11-15 15:27:36,124 - INFO - 📊 Datos actualizados para SUI/USDT (15m: 1000, 1h: 200)
2025-11-15 15:27:36,145 - INFO - ✅ Ciclo completado en 2.65s | Posiciones: 0/4 | Balance: $30.00
2025-11-15 15:27:46,808 - INFO - 📊 Datos actualizados para ETH/USDT (15m: 1000, 1h: 200)
2025-11-15 15:27:47,470 - INFO - 📊 Datos actualizados para SOL/USDT (15m: 1000, 1h: 200)
2025-11-15 15:27:48,136 - INFO - 📊 Datos actualizados para HYPE/USDT (15m: 1000, 1h: 200)
2025-11-15 15:27:48,800 - INFO - 📊 Datos actualizados para SUI/USDT (15m: 1000, 1h: 200)
2025-11-15 15:27:48,820 - INFO - ✅ Ciclo completado en 2.66s | Posiciones: 0/4 | Balance: $30.00
2025-11-15 15:27:59,493 - INFO - 📊 Datos actualizados para ETH/USDT (15m: 1000, 1h: 200)
2025-11-15 15:28:00,160 - INFO - 📊 Datos actualizados para SOL/USDT (15m: 1000, 1h: 200)
2025-11-15 15:28:00,825 - INFO - 📊 Datos actualizados para HYPE/USDT (15m: 1000, 1h: 200)
2025-11-15 15:28:01,500 - INFO - 📊 Datos actualizados para SUI/USDT (15m: 1000, 1h: 200)
2025-11-15 15:28:01,521 - INFO - ✅ Ciclo completado en 2.69s | Posiciones: 0/4 | Balance: $30.00
2025-11-15 15:28:12,177 - INFO - 📊 Datos actualizados para ETH/USDT (15m: 1000, 1h: 200)
2025-11-15 15:28:12,850 - INFO - 📊 Datos actualizados para SOL/USDT (15m: 1000, 1h: 200)
2025-11-15 15:28:13,508 - INFO - 📊 Datos actualizados para HYPE/USDT (15m: 1000, 1h: 200)
2025-11-15 15:28:14,175 - INFO - 📊 Datos actualizados para SUI/USDT (15m: 1000, 1h: 200)
2025-11-15 15:28:14,199 - INFO - ✅ Ciclo completado en 2.67s | Posiciones: 0/4 | Balance: $30.00
2025-11-15 15:28:24,870 - INFO - 📊 Datos actualizados para ETH/USDT (15m: 1000, 1h: 200)
2025-11-15 15:28:25,551 - INFO - 📊 Datos actualizados para SOL/USDT (15m: 1000, 1h: 200)
2025-11-15 15:28:26,226 - INFO - 📊 Datos actualizados para HYPE/USDT (15m: 1000, 1h: 200)
2025-11-15 15:28:26,896 - INFO - 📊 Datos actualizados para SUI/USDT (15m: 1000, 1h: 200)
2025-11-15 15:28:26,917 - INFO - ✅ Ciclo completado en 2.71s | Posiciones: 0/4 | Balance: $30.00
2025-11-15 15:28:37,590 - INFO - 📊 Datos actualizados para ETH/USDT (15m: 1000, 1h: 200)
2025-11-15 15:28:38,267 - INFO - 📊 Datos actualizados para SOL/USDT (15m: 1000, 1h: 200)
2025-11-15 15:28:38,940 - INFO - 📊 Datos actualizados para HYPE/USDT (15m: 1000, 1h: 200)
2025-11-15 15:28:39,617 - INFO - 📊 Datos actualizados para SUI/USDT (15m: 1000, 1h: 200)
2025-11-15 15:28:39,638 - INFO - ✅ Ciclo completado en 2.71s | Posiciones: 0/4 | Balance: $30.00
2025-11-15 15:28:50,314 - INFO - 📊 Datos actualizados para ETH/USDT (15m: 1000, 1h: 200)
2025-11-15 15:28:50,985 - INFO - 📊 Datos actualizados para SOL/USDT (15m: 1000, 1h: 200)
2025-11-15 15:28:51,657 - INFO - 📊 Datos actualizados para HYPE/USDT (15m: 1000, 1h: 200)
2025-11-15 15:28:52,332 - INFO - 📊 Datos actualizados para SUI/USDT (15m: 1000, 1h: 200)
2025-11-15 15:28:52,353 - INFO - ✅ Ciclo completado en 2.70s | Posiciones: 0/4 | Balance: $30.00
2025-11-15 15:29:03,033 - INFO - 📊 Datos actualizados para ETH/USDT (15m: 1000, 1h: 200)
2025-11-15 15:29:03,709 - INFO - 📊 Datos actualizados para SOL/USDT (15m: 1000, 1h: 200)
2025-11-15 15:29:04,385 - INFO - 📊 Datos actualizados para HYPE/USDT (15m: 1000, 1h: 200)
2025-11-15 15:29:05,056 - INFO - 📊 Datos actualizados para SUI/USDT (15m: 1000, 1h: 200)
2025-11-15 15:29:05,077 - INFO - ✅ Ciclo completado en 2.71s | Posiciones: 0/4 | Balance: $30.00
2025-11-15 15:29:15,750 - INFO - 📊 Datos actualizados para ETH/USDT (15m: 1000, 1h: 200)
2025-11-15 15:29:16,420 - INFO - 📊 Datos actualizados para SOL/USDT (15m: 1000, 1h: 200)
2025-11-15 15:29:17,091 - INFO - 📊 Datos actualizados para HYPE/USDT (15m: 1000, 1h: 200)
2025-11-15 15:29:17,765 - INFO - 📊 Datos actualizados para SUI/USDT (15m: 1000, 1h: 200)
2025-11-15 15:29:17,786 - INFO - ✅ Ciclo completado en 2.70s | Posiciones: 0/4 | Balance: $30.00
2025-11-15 15:29:28,449 - INFO - 📊 Datos actualizados para ETH/USDT (15m: 1000, 1h: 200)
2025-11-15 15:29:29,132 - INFO - 📊 Datos actualizados para SOL/USDT (15m: 1000, 1h: 200)
2025-11-15 15:29:29,803 - INFO - 📊 Datos actualizados para HYPE/USDT (15m: 1000, 1h: 200)
2025-11-15 15:29:30,480 - INFO - 📊 Datos actualizados para SUI/USDT (15m: 1000, 1h: 200)
2025-11-15 15:29:30,501 - INFO - ✅ Ciclo completado en 2.71s | Posiciones: 0/4 | Balance: $30.00
2025-11-15 15:29:41,171 - INFO - 📊 Datos actualizados para ETH/USDT (15m: 1000, 1h: 200)
2025-11-15 15:29:41,844 - INFO - 📊 Datos actualizados para SOL/USDT (15m: 1000, 1h: 200)
2025-11-15 15:29:42,527 - INFO - 📊 Datos actualizados para HYPE/USDT (15m: 1000, 1h: 200)
2025-11-15 15:29:43,208 - INFO - 📊 Datos actualizados para SUI/USDT (15m: 1000, 1h: 200)
2025-11-15 15:29:43,229 - INFO - ✅ Ciclo completado en 2.72s | Posiciones: 0/4 | Balance: $30.00
2025-11-15 15:29:53,899 - INFO - 📊 Datos actualizados para ETH/USDT (15m: 1000, 1h: 200)
2025-11-15 15:29:54,567 - INFO - 📊 Datos actualizados para SOL/USDT (15m: 1000, 1h: 200)
2025-11-15 15:29:55,245 - INFO - 📊 Datos actualizados para HYPE/USDT (15m: 1000, 1h: 200)
2025-11-15 15:29:55,924 - INFO - 📊 Datos actualizados para SUI/USDT (15m: 1000, 1h: 200)
2025-11-15 15:29:55,945 - INFO - ✅ Ciclo completado en 2.72s | Posiciones: 0/4 | Balance: $30.00
2025-11-15 15:30:06,618 - INFO - 📊 Datos actualizados para ETH/USDT (15m: 1000, 1h: 200)
2025-11-15 15:30:07,294 - INFO - 📊 Datos actualizados para SOL/USDT (15m: 1000, 1h: 200)
2025-11-15 15:30:07,967 - INFO - 📊 Datos actualizados para HYPE/USDT (15m: 1000, 1h: 200)
2025-11-15 15:30:08,645 - INFO - 📊 Datos actualizados para SUI/USDT (15m: 1000, 1h: 200)
2025-11-15 15:30:08,669 - INFO - ✅ Ciclo completado en 2.71s | Posiciones: 0/4 | Balance: $30.00
2025-11-15 15:30:19,335 - INFO - 📊 Datos actualizados para ETH/USDT (15m: 1000, 1h: 200)
2025-11-15 15:30:20,014 - INFO - 📊 Datos actualizados para SOL/USDT (15m: 1000, 1h: 200)
2025-11-15 15:30:20,692 - INFO - 📊 Datos actualizados para HYPE/USDT (15m: 1000, 1h: 200)
2025-11-15 15:30:21,369 - INFO - 📊 Datos actualizados para SUI/USDT (15m: 1000, 1h: 200)
2025-11-15 15:30:21,393 - INFO - ✅ Ciclo completado en 2.72s | Posiciones: 0/4 | Balance: $30.00
2025-11-15 15:30:32,071 - INFO - 📊 Datos actualizados para ETH/USDT (15m: 1000, 1h: 200)
2025-11-15 15:30:32,747 - INFO - 📊 Datos actualizados para SOL/USDT (15m: 1000, 1h: 200)
2025-11-15 15:30:33,426 - INFO - 📊 Datos actualizados para HYPE/USDT (15m: 1000, 1h: 200)
2025-11-15 15:30:34,097 - INFO - 📊 Datos actualizados para SUI/USDT (15m: 1000, 1h: 200)
2025-11-15 15:30:34,120 - INFO - ✅ Ciclo completado en 2.72s | Posiciones: 0/4 | Balance: $30.00
2025-11-15 15:30:44,792 - INFO - 📊 Datos actualizados para ETH/USDT (15m: 1000, 1h: 200)
2025-11-15 15:30:45,466 - INFO - 📊 Datos actualizados para SOL/USDT (15m: 1000, 1h: 200)
2025-11-15 15:30:46,139 - INFO - 📊 Datos actualizados para HYPE/USDT (15m: 1000, 1h: 200)
2025-11-15 15:30:46,815 - INFO - 📊 Datos actualizados para SUI/USDT (15m: 1000, 1h: 200)
2025-11-15 15:30:46,835 - INFO - ✅ Ciclo completado en 2.70s | Posiciones: 0/4 | Balance: $30.00
2025-11-15 15:30:57,519 - INFO - 📊 Datos actualizados para ETH/USDT (15m: 1000, 1h: 200)
2025-11-15 15:30:58,201 - INFO - 📊 Datos actualizados para SOL/USDT (15m: 1000, 1h: 200)
2025-11-15 15:30:58,874 - INFO - 📊 Datos actualizados para HYPE/USDT (15m: 1000, 1h: 200)
2025-11-15 15:30:59,551 - INFO - 📊 Datos actualizados para SUI/USDT (15m: 1000, 1h: 200)
2025-11-15 15:30:59,574 - INFO - ✅ Ciclo completado en 2.73s | Posiciones: 0/4 | Balance: $30.00
2025-11-15 15:31:10,258 - INFO - 📊 Datos actualizados para ETH/USDT (15m: 1000, 1h: 200)
2025-11-15 15:31:10,944 - INFO - 📊 Datos actualizados para SOL/USDT (15m: 1000, 1h: 200)
2025-11-15 15:31:11,620 - INFO - 📊 Datos actualizados para HYPE/USDT (15m: 1000, 1h: 200)
2025-11-15 15:31:12,291 - INFO - 📊 Datos actualizados para SUI/USDT (15m: 1000, 1h: 200)
2025-11-15 15:31:12,313 - INFO - ✅ Ciclo completado en 2.73s | Posiciones: 0/4 | Balance: $30.00
2025-11-15 15:31:22,984 - INFO - 📊 Datos actualizados para ETH/USDT (15m: 1000, 1h: 200)
2025-11-15 15:31:23,661 - INFO - 📊 Datos actualizados para SOL/USDT (15m: 1000, 1h: 200)
2025-11-15 15:31:24,334 - INFO - 📊 Datos actualizados para HYPE/USDT (15m: 1000, 1h: 200)
2025-11-15 15:31:25,009 - INFO - 📊 Datos actualizados para SUI/USDT (15m: 1000, 1h: 200)
2025-11-15 15:31:25,031 - INFO - ✅ Ciclo completado en 2.71s | Posiciones: 0/4 | Balance: $30.00
2025-11-15 15:31:35,702 - INFO - 📊 Datos actualizados para ETH/USDT (15m: 1000, 1h: 200)
2025-11-15 15:31:36,381 - INFO - 📊 Datos actualizados para SOL/USDT (15m: 1000, 1h: 200)
2025-11-15 15:31:37,051 - INFO - 📊 Datos actualizados para HYPE/USDT (15m: 1000, 1h: 200)
2025-11-15 15:31:37,723 - INFO - 📊 Datos actualizados para SUI/USDT (15m: 1000, 1h: 200)
2025-11-15 15:31:37,744 - INFO - ✅ Ciclo completado en 2.71s | Posiciones: 0/4 | Balance: $30.00
2025-11-15 15:31:48,413 - INFO - 📊 Datos actualizados para ETH/USDT (15m: 1000, 1h: 200)
2025-11-15 15:31:49,097 - INFO - 📊 Datos actualizados para SOL/USDT (15m: 1000, 1h: 200)
2025-11-15 15:31:49,770 - INFO - 📊 Datos actualizados para HYPE/USDT (15m: 1000, 1h: 200)
2025-11-15 15:31:50,442 - INFO - 📊 Datos actualizados para SUI/USDT (15m: 1000, 1h: 200)
2025-11-15 15:31:50,465 - INFO - ✅ Ciclo completado en 2.71s | Posiciones: 0/4 | Balance: $30.00
2025-11-15 15:32:01,135 - INFO - 📊 Datos actualizados para ETH/USDT (15m: 1000, 1h: 200)
2025-11-15 15:32:01,807 - INFO - 📊 Datos actualizados para SOL/USDT (15m: 1000, 1h: 200)
2025-11-15 15:32:02,485 - INFO - 📊 Datos actualizados para HYPE/USDT (15m: 1000, 1h: 200)
2025-11-15 15:32:03,160 - INFO - 📊 Datos actualizados para SUI/USDT (15m: 1000, 1h: 200)
2025-11-15 15:32:03,183 - INFO - ✅ Ciclo completado en 2.71s | Posiciones: 0/4 | Balance: $30.00
2025-11-15 15:32:13,852 - INFO - 📊 Datos actualizados para ETH/USDT (15m: 1000, 1h: 200)
2025-11-15 15:32:14,526 - INFO - 📊 Datos actualizados para SOL/USDT (15m: 1000, 1h: 200)
2025-11-15 15:32:15,202 - INFO - 📊 Datos actualizados para HYPE/USDT (15m: 1000, 1h: 200)
2025-11-15 15:32:15,877 - INFO - 📊 Datos actualizados para SUI/USDT (15m: 1000, 1h: 200)
2025-11-15 15:32:15,904 - INFO - ✅ Ciclo completado en 2.71s | Posiciones: 0/4 | Balance: $30.00
2025-11-15 15:32:26,582 - INFO - 📊 Datos actualizados para ETH/USDT (15m: 1000, 1h: 200)
2025-11-15 15:32:27,258 - INFO - 📊 Datos actualizados para SOL/USDT (15m: 1000, 1h: 200)
2025-11-15 15:32:27,938 - INFO - 📊 Datos actualizados para HYPE/USDT (15m: 1000, 1h: 200)
2025-11-15 15:32:28,634 - INFO - 📊 Datos actualizados para SUI/USDT (15m: 1000, 1h: 200)
2025-11-15 15:32:28,659 - INFO - ✅ Ciclo completado en 2.74s | Posiciones: 0/4 | Balance: $30.00
2025-11-15 15:32:39,327 - INFO - 📊 Datos actualizados para ETH/USDT (15m: 1000, 1h: 200)
2025-11-15 15:32:40,002 - INFO - 📊 Datos actualizados para SOL/USDT (15m: 1000, 1h: 200)
2025-11-15 15:32:40,677 - INFO - 📊 Datos actualizados para HYPE/USDT (15m: 1000, 1h: 200)
2025-11-15 15:32:41,349 - INFO - 📊 Datos actualizados para SUI/USDT (15m: 1000, 1h: 200)
2025-11-15 15:32:41,371 - INFO - ✅ Ciclo completado en 2.71s | Posiciones: 0/4 | Balance: $30.00
2025-11-15 15:32:52,045 - INFO - 📊 Datos actualizados para ETH/USDT (15m: 1000, 1h: 200)
2025-11-15 15:32:52,737 - INFO - 📊 Datos actualizados para SOL/USDT (15m: 1000, 1h: 200)
2025-11-15 15:32:53,430 - INFO - 📊 Datos actualizados para HYPE/USDT (15m: 1000, 1h: 200)
2025-11-15 15:32:54,110 - INFO - 📊 Datos actualizados para SUI/USDT (15m: 1000, 1h: 200)
2025-11-15 15:32:54,132 - INFO - ✅ Ciclo completado en 2.76s | Posiciones: 0/4 | Balance: $30.00
2025-11-15 15:33:04,806 - INFO - 📊 Datos actualizados para ETH/USDT (15m: 1000, 1h: 200)
2025-11-15 15:33:05,490 - INFO - 📊 Datos actualizados para SOL/USDT (15m: 1000, 1h: 200)
2025-11-15 15:33:06,163 - INFO - 📊 Datos actualizados para HYPE/USDT (15m: 1000, 1h: 200)
2025-11-15 15:33:06,832 - INFO - 📊 Datos actualizados para SUI/USDT (15m: 1000, 1h: 200)
2025-11-15 15:33:06,857 - INFO - ✅ Ciclo completado en 2.71s | Posiciones: 0/4 | Balance: $30.00
